// Jest Snapshot v1, https://goo.gl/fbAQLP

exports[`<DatePicker /> should take a snapshot 1`] = `
<DocumentFragment>
  <div>
    DatePicker
  </div>
</DocumentFragment>
`;
