// Jest Snapshot v1, https://goo.gl/fbAQLP

exports[`<Stepper /> should take a snapshot 1`] = `
<DocumentFragment>
  <div>
    Stepper
  </div>
</DocumentFragment>
`;
