// Jest Snapshot v1, https://goo.gl/fbAQLP

exports[`<Fpo /> should take a snapshot 1`] = `
<DocumentFragment>
  <div>
    Fpo
  </div>
</DocumentFragment>
`;
