// Jest Snapshot v1, https://goo.gl/fbAQLP

exports[`<Spacer /> should take a snapshot 1`] = `
<DocumentFragment>
  <div>
    Spacer
  </div>
</DocumentFragment>
`;
