// Jest Snapshot v1, https://goo.gl/fbAQLP

exports[`<Dialog /> should take a snapshot 1`] = `
<DocumentFragment>
  <div
    role="dialog"
  >
    Dialog
  </div>
</DocumentFragment>
`;
