// Jest Snapshot v1, https://goo.gl/fbAQLP

exports[`<Editorial /> should take a snapshot 1`] = `
<DocumentFragment>
  <div>
    Editorial
  </div>
</DocumentFragment>
`;
