// Jest Snapshot v1, https://goo.gl/fbAQLP

exports[`<Calendar /> should take a snapshot 1`] = `
<DocumentFragment>
  <div>
    Calendar
  </div>
</DocumentFragment>
`;
