// Jest Snapshot v1, https://goo.gl/fbAQLP

exports[`<CtaBanner /> should take a snapshot 1`] = `
<DocumentFragment>
  <div>
    CtaBanner
  </div>
</DocumentFragment>
`;
