// Jest Snapshot v1, https://goo.gl/fbAQLP

exports[`<Banner /> should take a snapshot 1`] = `
<DocumentFragment>
  <div>
    Banner
  </div>
</DocumentFragment>
`;
