// Jest Snapshot v1, https://goo.gl/fbAQLP

exports[`<Homepage /> should take a snapshot 1`] = `
<DocumentFragment>
  <main>
    Hi
  </main>
</DocumentFragment>
`;
