// Jest Snapshot v1, https://goo.gl/fbAQLP

exports[`<Snackbar /> should take a snapshot 1`] = `
<DocumentFragment>
  <div>
    Snackbar
  </div>
</DocumentFragment>
`;
