// Jest Snapshot v1, https://goo.gl/fbAQLP

exports[`<ChoiceList /> should take a snapshot 1`] = `
<DocumentFragment>
  <div>
    ChoiceList
  </div>
</DocumentFragment>
`;
