// Jest Snapshot v1, https://goo.gl/fbAQLP

exports[`<Divider /> should take a snapshot 1`] = `
<DocumentFragment>
  <div>
    Divider
  </div>
</DocumentFragment>
`;
