// Jest Snapshot v1, https://goo.gl/fbAQLP

exports[`<FilterList /> should take a snapshot 1`] = `
<DocumentFragment>
  <div>
    FilterList
  </div>
</DocumentFragment>
`;
