// Jest Snapshot v1, https://goo.gl/fbAQLP

exports[`<RadioButton /> should take a snapshot 1`] = `
<DocumentFragment>
  <div>
    RadioButton
  </div>
</DocumentFragment>
`;
