// Jest Snapshot v1, https://goo.gl/fbAQLP

exports[`<ColorCard /> should take a snapshot 1`] = `
<DocumentFragment>
  <div>
    ColorCard
  </div>
</DocumentFragment>
`;
