// Jest Snapshot v1, https://goo.gl/fbAQLP

exports[`<SingleColumn /> should take a snapshot 1`] = `
<DocumentFragment>
  <section
    class="single-column"
  />
</DocumentFragment>
`;
