// Jest Snapshot v1, https://goo.gl/fbAQLP

exports[`<Nav /> should take a snapshot 1`] = `
<DocumentFragment>
  <div>
    Nav
  </div>
</DocumentFragment>
`;
