// Jest Snapshot v1, https://goo.gl/fbAQLP

exports[`<Masthead /> should take a snapshot 1`] = `
<DocumentFragment>
  <div>
    Masthead
  </div>
</DocumentFragment>
`;
