// Jest Snapshot v1, https://goo.gl/fbAQLP

exports[`The <Button /> component should take a snapshot 1`] = `
<DocumentFragment>
  <button>
    Hi
  </button>
</DocumentFragment>
`;

exports[`should take a snapshot 1`] = `
<DocumentFragment>
  <button>
    Hi
  </button>
</DocumentFragment>
`;
