// Jest Snapshot v1, https://goo.gl/fbAQLP

exports[`<Loading /> should take a snapshot 1`] = `
<DocumentFragment>
  <div>
    Loading
  </div>
</DocumentFragment>
`;
